Loading LeNet model data...
Input data contains 3072000 elements
Detected 1000 images in input file
Reshaped input to 1x3x32x32
Data loaded successfully!
Zero points: x=0, conv1_out=128, conv2_out=128, conv3_out=128
Multipliers: conv1=[0.00075393, 0.00066677, 0.00067861], conv2=[0.00181314, 0.0016945, 0.00170245]
Starting inference...

=== Inference Run 1 ===
Starting Conv1...
Conv1 completed: 6
Starting MaxPool1...
MaxPool1 completed: 14x14
Starting Conv2...
Conv2 completed: 10x10
Starting MaxPool2...
MaxPool2 completed: 5x5
Starting Conv3...
Conv3 completed: 2x2
Starting Flatten...
Flatten completed: 480
Starting FC1...
FC1 completed: 84
Starting FC2...
FC2 completed: 10
Total inference time: 1.96291ms
Output logits: [123, 152, 142, 134, 120, 145, 157, 132, 86, 110]
Run 1 completed in: 2.464942ms

=== Inference Run 2 ===
Starting Conv1...
Conv1 completed: 6
Starting MaxPool1...
MaxPool1 completed: 14x14
Starting Conv2...
Conv2 completed: 10x10
Starting MaxPool2...
MaxPool2 completed: 5x5
Starting Conv3...
Conv3 completed: 2x2
Starting Flatten...
Flatten completed: 480
Starting FC1...
FC1 completed: 84
Starting FC2...
FC2 completed: 10
Total inference time: 1.939226ms
Output logits: [123, 152, 142, 134, 120, 145, 157, 132, 86, 110]
Run 2 completed in: 2.273029ms

=== Inference Run 3 ===
Starting Conv1...
Conv1 completed: 6
Starting MaxPool1...
MaxPool1 completed: 14x14
Starting Conv2...
Conv2 completed: 10x10
Starting MaxPool2...
MaxPool2 completed: 5x5
Starting Conv3...
Conv3 completed: 2x2
Starting Flatten...
Flatten completed: 480
Starting FC1...
FC1 completed: 84
Starting FC2...
FC2 completed: 10
Total inference time: 1.928856ms
Output logits: [123, 152, 142, 134, 120, 145, 157, 132, 86, 110]
Run 3 completed in: 2.272037ms

=== Inference Run 4 ===
Starting Conv1...
Conv1 completed: 6
Starting MaxPool1...
MaxPool1 completed: 14x14
Starting Conv2...
Conv2 completed: 10x10
Starting MaxPool2...
MaxPool2 completed: 5x5
Starting Conv3...
Conv3 completed: 2x2
Starting Flatten...
Flatten completed: 480
Starting FC1...
FC1 completed: 84
Starting FC2...
FC2 completed: 10
Total inference time: 1.930059ms
Output logits: [123, 152, 142, 134, 120, 145, 157, 132, 86, 110]
Run 4 completed in: 2.263059ms

=== Inference Run 5 ===
Starting Conv1...
Conv1 completed: 6
Starting MaxPool1...
MaxPool1 completed: 14x14
Starting Conv2...
Conv2 completed: 10x10
Starting MaxPool2...
MaxPool2 completed: 5x5
Starting Conv3...
Conv3 completed: 2x2
Starting Flatten...
Flatten completed: 480
Starting FC1...
FC1 completed: 84
Starting FC2...
FC2 completed: 10
Total inference time: 1.927333ms
Output logits: [123, 152, 142, 134, 120, 145, 157, 132, 86, 110]
Run 5 completed in: 2.265604ms

=== Inference Run 6 ===
Starting Conv1...
Conv1 completed: 6
Starting MaxPool1...
MaxPool1 completed: 14x14
Starting Conv2...
Conv2 completed: 10x10
Starting MaxPool2...
MaxPool2 completed: 5x5
Starting Conv3...
Conv3 completed: 2x2
Starting Flatten...
Flatten completed: 480
Starting FC1...
FC1 completed: 84
Starting FC2...
FC2 completed: 10
Total inference time: 1.92058ms
Output logits: [123, 152, 142, 134, 120, 145, 157, 132, 86, 110]
Run 6 completed in: 2.262277ms

=== Inference Run 7 ===
Starting Conv1...
Conv1 completed: 6
Starting MaxPool1...
MaxPool1 completed: 14x14
Starting Conv2...
Conv2 completed: 10x10
Starting MaxPool2...
MaxPool2 completed: 5x5
Starting Conv3...
Conv3 completed: 2x2
Starting Flatten...
Flatten completed: 480
Starting FC1...
FC1 completed: 84
Starting FC2...
FC2 completed: 10
Total inference time: 1.92569ms
Output logits: [123, 152, 142, 134, 120, 145, 157, 132, 86, 110]
Run 7 completed in: 2.271064ms

=== Inference Run 8 ===
Starting Conv1...
Conv1 completed: 6
Starting MaxPool1...
MaxPool1 completed: 14x14
Starting Conv2...
Conv2 completed: 10x10
Starting MaxPool2...
MaxPool2 completed: 5x5
Starting Conv3...
Conv3 completed: 2x2
Starting Flatten...
Flatten completed: 480
Starting FC1...
FC1 completed: 84
Starting FC2...
FC2 completed: 10
Total inference time: 1.929237ms
Output logits: [123, 152, 142, 134, 120, 145, 157, 132, 86, 110]
Run 8 completed in: 2.26867ms

=== Inference Run 9 ===
Starting Conv1...
Conv1 completed: 6
Starting MaxPool1...
MaxPool1 completed: 14x14
Starting Conv2...
Conv2 completed: 10x10
Starting MaxPool2...
MaxPool2 completed: 5x5
Starting Conv3...
Conv3 completed: 2x2
Starting Flatten...
Flatten completed: 480
Starting FC1...
FC1 completed: 84
Starting FC2...
FC2 completed: 10
Total inference time: 1.922975ms
Output logits: [123, 152, 142, 134, 120, 145, 157, 132, 86, 110]
Run 9 completed in: 2.261216ms

=== Inference Run 10 ===
Starting Conv1...
Conv1 completed: 6
Starting MaxPool1...
MaxPool1 completed: 14x14
Starting Conv2...
Conv2 completed: 10x10
Starting MaxPool2...
MaxPool2 completed: 5x5
Starting Conv3...
Conv3 completed: 2x2
Starting Flatten...
Flatten completed: 480
Starting FC1...
FC1 completed: 84
Starting FC2...
FC2 completed: 10
Total inference time: 1.928675ms
Output logits: [123, 152, 142, 134, 120, 145, 157, 132, 86, 110]
Run 10 completed in: 2.270183ms

=== Latency Statistics ===
Average inference time: 2.287208ms
Total time for 10 runs: 22.872081ms
