LeNet optimized medium on CIFAR dataset
Loading input data...
Loaded 1x3x32x32 tensor from ../pretrained_model/LeNet_CIFAR_pretrained/X_q.txt (total 3072000 values)
Loading conv1 weights...
Loaded 32x3x5x5 tensor from ../pretrained_model/LeNet_CIFAR_pretrained/LeNet_Medium_conv1_weight_q.txt (total 2400 values)
Loading conv2 weights...
Loaded 64x32x5x5 tensor from ../pretrained_model/LeNet_CIFAR_pretrained/LeNet_Medium_conv2_weight_q.txt (total 51200 values)
Loading conv3 weights...
Loaded 256x64x4x4 tensor from ../pretrained_model/LeNet_CIFAR_pretrained/LeNet_Medium_conv3_weight_q.txt (total 262144 values)
Loading fc1 weights...
Loaded 128x1024 matrix from ../pretrained_model/LeNet_CIFAR_pretrained/LeNet_Medium_linear1_weight_q.txt (total 131072 values)
Loading fc2 weights...
Loaded 10x128 matrix from ../pretrained_model/LeNet_CIFAR_pretrained/LeNet_Medium_linear2_weight_q.txt (total 1280 values)
Loading zero points...
Loaded 1 values from ../pretrained_model/LeNet_CIFAR_pretrained/X_z.txt
Loaded 1 values from ../pretrained_model/LeNet_CIFAR_pretrained/LeNet_Medium_conv1_output_z.txt
Loaded 1 values from ../pretrained_model/LeNet_CIFAR_pretrained/LeNet_Medium_conv2_output_z.txt
Loaded 1 values from ../pretrained_model/LeNet_CIFAR_pretrained/LeNet_Medium_conv3_output_z.txt
Loaded 1 values from ../pretrained_model/LeNet_CIFAR_pretrained/LeNet_Medium_linear1_output_z.txt
Loaded 1 values from ../pretrained_model/LeNet_CIFAR_pretrained/LeNet_Medium_linear2_output_z.txt
Loaded 1 values from ../pretrained_model/LeNet_CIFAR_pretrained/LeNet_Medium_conv1_weight_z.txt
Loaded 1 values from ../pretrained_model/LeNet_CIFAR_pretrained/LeNet_Medium_conv2_weight_z.txt
Loaded 1 values from ../pretrained_model/LeNet_CIFAR_pretrained/LeNet_Medium_conv3_weight_z.txt
Loaded 1 values from ../pretrained_model/LeNet_CIFAR_pretrained/LeNet_Medium_linear1_weight_z.txt
Loaded 1 values from ../pretrained_model/LeNet_CIFAR_pretrained/LeNet_Medium_linear2_weight_z.txt
Loading scale factors...
All data loaded successfully. Starting inference...
Running Conv1...
Conv2D: input 3x32x32, 32 output channels, kernel 5, stride 1, padding 0
Conv2D output size: 32x28x28
Running Conv2...
Conv2D: input 32x14x14, 64 output channels, kernel 5, stride 1, padding 0
Conv2D output size: 64x10x10
Running Conv3...
Conv2D: input 64x5x5, 256 output channels, kernel 4, stride 1, padding 0
Conv2D output size: 256x2x2
Running FC1...
Running FC2...
Inference completed in: 330.028311ms
Predicted class: 3
Output logits: [135, 150, 128, 156, 133, 155, 98, 138, 123, 143]
