VGG16 testing. use null parameters and input just to benchmark performance
finish reading parameters
Calculating flattened size...
Calculated flattened size: 512
Starting VGG16 inference...
Conv1_1...
Conv1_2...
Pool1...
Conv2_1...
Conv2_2...
Pool2...
Conv3_1...
Conv3_2...
Conv3_3...
Pool3...
Conv4_1...
Conv4_2...
Conv4_3...
Pool4...
Conv5_1...
Conv5_2...
Conv5_3...
Pool5...
Flatten...
Flattened size: 512
FC1...
FC Layer - Input size: 512, Weight input size: 512, Output size: 64
FC2...
FC Layer - Input size: 64, Weight input size: 64, Output size: 32
FC3...
FC Layer - Input size: 32, Weight input size: 32, Output size: 10
VGG16 inference completed!
Inference completed in: 792.054029ms
Output shape: [batch_size: 1, num_classes: 10]
Output sample: [inf, inf, inf, inf, inf]
