commit time 23.110341ms
start generating random parameters
Number of constraints for x commitment 61618
Number of constraints for z commitment 39946 accumulated constraints 101564
Number of constraints for FC1 16 accumulated constraints 101580
Number of constraints for ReLU1 384 accumulated constraints 101964
Number of constraints for FC2 2 accumulated constraints 101966
Number of constraints for ArgmaxCircuitU8 Circuit 18950, Accumulated constraints 120916
Total number of FullCircuit inference constraints 120916
generate_time:1.675916806s
start inline lcs
lc_map len:826736
prepare_time:4.797134ms
thread:5 finished, inner_prepare_time:9.155888ms,compute_time:49.258332ms,push_time:60ns
thread:2 finished, inner_prepare_time:9.88503ms,compute_time:49.734705ms,push_time:60ns
thread:7 finished, inner_prepare_time:11.339647ms,compute_time:48.50237ms,push_time:50ns
thread:0 finished, inner_prepare_time:9.803074ms,compute_time:50.457817ms,push_time:50ns
thread:4 finished, inner_prepare_time:9.702584ms,compute_time:50.578856ms,push_time:60ns
thread:1 finished, inner_prepare_time:9.991101ms,compute_time:50.651082ms,push_time:71ns
thread:3 finished, inner_prepare_time:10.468816ms,compute_time:50.505257ms,push_time:60ns
thread:6 finished, inner_prepare_time:10.770208ms,compute_time:50.524102ms,push_time:60ns
prepare time:4.797134ms, parallel compute:114.177404ms, insert time:20ns, map_len826736
total_time:118.995467ms
allocate a,b and c
Setup: total time:2.789470213s,generate time:1.675916806s,circuit computation time:119.238969ms,security computation time:994.303286ms
setup time 2.972930692s
random parameters generated!

Number of constraints for x commitment 61618
Number of constraints for z commitment 39946 accumulated constraints 101564
Number of constraints for FC1 16 accumulated constraints 101580
Number of constraints for ReLU1 384 accumulated constraints 101964
Number of constraints for FC2 2 accumulated constraints 101966
Number of constraints for ArgmaxCircuitU8 Circuit 18950, Accumulated constraints 120916
Total number of FullCircuit inference constraints 120916
lc_map len:826736
prepare_time:4.352831ms
thread:3 finished, inner_prepare_time:9.302436ms,compute_time:45.108304ms,push_time:60ns
thread:5 finished, inner_prepare_time:9.116593ms,compute_time:45.820976ms,push_time:60ns
thread:0 finished, inner_prepare_time:9.633273ms,compute_time:46.492899ms,push_time:60ns
thread:1 finished, inner_prepare_time:9.556968ms,compute_time:46.768652ms,push_time:50ns
thread:2 finished, inner_prepare_time:8.264408ms,compute_time:48.383253ms,push_time:60ns
thread:7 finished, inner_prepare_time:8.630071ms,compute_time:48.18659ms,push_time:60ns
thread:4 finished, inner_prepare_time:9.52654ms,compute_time:47.510519ms,push_time:60ns
thread:6 finished, inner_prepare_time:8.364638ms,compute_time:49.10972ms,push_time:50ns
prepare time:4.352831ms, parallel compute:114.171633ms, insert time:30ns, map_len826736
total_time:118.544592ms
start generate witness_map
Prove: total time:2.729875045s,generate time:1.773974381s,circuit computation time:118.592143ms,security computation time:837.30279ms
prove time 2.863916837s
verification time 2.95931ms
