VGG16 testing. use null parameters and input just to benchmark performance
finish reading parameters
vgg vallina forward1
vgg vallina forward conv11 and 12 finished
size:[1,16,16,16]
size:[1,32,8,8]
vgg vallina forward conv21 and 22 finished
vgg vallina forward conv31 and 32 33 finished
size:[1,64,4,4]
vgg vallina forward conv41  finished
vgg vallina forward conv42  finished
vgg vallina forward conv41 and 42 43 finished
size:[1,128,2,2]
size:[1,128,1,1]
vgg vallina forward conv51 and 52 53 finished
vgg vallina forward fc1 finished
vgg vallina forward fc2 finished
vgg vallina forward fc3 finished
finish forwarding
z outside [31, 31, 31, 31, 31, 31, 31, 31, 31, 31]
commit time 20.631945ms
start generating random parameters
Number of constraints for x commitment 125682
vgg vallina forward1
vgg vallina forward conv11 and 12 finished
size:[1,16,16,16]
size:[1,32,8,8]
vgg vallina forward conv21 and 22 finished
vgg vallina forward conv31 and 32 33 finished
size:[1,64,4,4]
vgg vallina forward conv41  finished
vgg vallina forward conv42  finished
vgg vallina forward conv41 and 42 43 finished
size:[1,128,2,2]
size:[1,128,1,1]
vgg vallina forward conv51 and 52 53 finished
vgg vallina forward fc1 finished
vgg vallina forward fc2 finished
vgg vallina forward fc3 finished
Number of constraints for z commitment 39946 accumulated constraints 165628
Number of constraints for Conv12 4096 accumulated constraints 169724
Number of constraints for Conv21 1536 accumulated constraints 171260
Number of constraints for Conv22 1024 accumulated constraints 172284
Number of constraints for AvgPool2 256 accumulated constraints 172540
Number of constraints for Conv31 512 accumulated constraints 173052
Number of constraints for Conv32 512 accumulated constraints 173564
Number of constraints for Conv33 512 accumulated constraints 174076
Number of constraints for Conv41 768 accumulated constraints 174844
Number of constraints for Conv42 512 accumulated constraints 175356
Number of constraints for Conv42 1536 accumulated constraints 176892
avg
size:[1,128,1,1]
Number of constraints FC1 136 accumulated constraints 177028
Number of constraints FC2 4 accumulated constraints 177032
Number of constraints FC3 2 accumulated constraints 177034
generate_time:23.476606213s
start inline lcs
lc_map len:32426604
prepare_time:34.013689ms
thread:1 finished, inner_prepare_time:192.471196ms,compute_time:1.355563406s,push_time:80ns
thread:4 finished, inner_prepare_time:194.923975ms,compute_time:1.380152782s,push_time:80ns
thread:3 finished, inner_prepare_time:193.29617ms,compute_time:1.445349253s,push_time:81ns
thread:6 finished, inner_prepare_time:195.230446ms,compute_time:1.451618396s,push_time:80ns
thread:0 finished, inner_prepare_time:190.865152ms,compute_time:1.47596942s,push_time:81ns
thread:5 finished, inner_prepare_time:203.97503ms,compute_time:1.47224958s,push_time:80ns
thread:7 finished, inner_prepare_time:203.185013ms,compute_time:1.503817463s,push_time:80ns
thread:2 finished, inner_prepare_time:200.565588ms,compute_time:1.527631009s,push_time:90ns
prepare time:34.013689ms, parallel compute:1.731064573s, insert time:20ns, map_len32426604
total_time:1.765118307s
allocate a,b and c
Setup: total time:42.121225454s,generate time:23.476606213s,circuit computation time:1.76516233s,security computation time:16.87941492s
setup time 49.662424389s
random parameters generated!

Number of constraints for x commitment 125682
vgg vallina forward1
vgg vallina forward conv11 and 12 finished
size:[1,16,16,16]
size:[1,32,8,8]
vgg vallina forward conv21 and 22 finished
vgg vallina forward conv31 and 32 33 finished
size:[1,64,4,4]
vgg vallina forward conv41  finished
vgg vallina forward conv42  finished
vgg vallina forward conv41 and 42 43 finished
size:[1,128,2,2]
size:[1,128,1,1]
vgg vallina forward conv51 and 52 53 finished
vgg vallina forward fc1 finished
vgg vallina forward fc2 finished
vgg vallina forward fc3 finished
Number of constraints for z commitment 39946 accumulated constraints 165628
Number of constraints for Conv12 4096 accumulated constraints 169724
Number of constraints for Conv21 1536 accumulated constraints 171260
Number of constraints for Conv22 1024 accumulated constraints 172284
Number of constraints for AvgPool2 256 accumulated constraints 172540
Number of constraints for Conv31 512 accumulated constraints 173052
Number of constraints for Conv32 512 accumulated constraints 173564
Number of constraints for Conv33 512 accumulated constraints 174076
Number of constraints for Conv41 768 accumulated constraints 174844
Number of constraints for Conv42 512 accumulated constraints 175356
Number of constraints for Conv42 1536 accumulated constraints 176892
avg
size:[1,128,1,1]
Number of constraints FC1 136 accumulated constraints 177028
Number of constraints FC2 4 accumulated constraints 177032
Number of constraints FC3 2 accumulated constraints 177034
lc_map len:32426604
prepare_time:35.040385ms
thread:0 finished, inner_prepare_time:194.053825ms,compute_time:1.317086848s,push_time:70ns
thread:6 finished, inner_prepare_time:192.986532ms,compute_time:1.330618135s,push_time:80ns
thread:2 finished, inner_prepare_time:199.54832ms,compute_time:1.327694423s,push_time:80ns
thread:4 finished, inner_prepare_time:190.696993ms,compute_time:1.358245399s,push_time:90ns
thread:7 finished, inner_prepare_time:201.724174ms,compute_time:1.425240029s,push_time:80ns
thread:5 finished, inner_prepare_time:200.678221ms,compute_time:1.427756499s,push_time:80ns
thread:1 finished, inner_prepare_time:193.627918ms,compute_time:1.474603392s,push_time:70ns
thread:3 finished, inner_prepare_time:190.893055ms,compute_time:1.595198364s,push_time:80ns
prepare time:35.040385ms, parallel compute:1.788647213s, insert time:20ns, map_len32426604
total_time:1.823714108s
start generate witness_map
Prove: total time:35.701034191s,generate time:23.046008828s,circuit computation time:1.823757711s,security computation time:10.831262431s
prove time 38.478768058s
verification time 2.817731ms
